// Jest Snapshot v1, https://goo.gl/fbAQLP

exports[`renders Audio 1`] = `
Array [
  <button
    className="track__button track__button--play"
    type="button"
  />,
  <div
    className="track__status"
  >
    <audio />
  </div>,
]
`;
